
> remit@0.1.0 build
> next build

  ▲ Next.js 14.2.18
  - Environments: .env.local

   Creating an optimized production build ...
 ✓ Compiled successfully
   Linting and checking validity of types ...
   Collecting page data ...
   Generating static pages (0/5) ...
   Generating static pages (1/5) 
   Generating static pages (2/5) 
   Generating static pages (3/5) 
 ✓ Generating static pages (5/5)
   Finalizing page optimization ...
   Collecting build traces ...

Route (app)                              Size     First Load JS
┌ ○ /                                    12.6 kB        99.8 kB
└ ○ /_not-found                          873 B          88.1 kB
+ First Load JS shared by all            87.2 kB
  ├ chunks/117-a0e8e7c92c856b6e.js       31.6 kB
  ├ chunks/fd9d1056-49ca28257eb7a92c.js  53.6 kB
  └ other shared chunks (total)          1.97 kB


○  (Static)  prerendered as static content

